---
namespace: Parse
expectation: Fail
outputs:
  - "Error [EPAR0370037]: Found the char `\n`, but expected `&`"
