---
namespace: Compile
expectation: Pass
outputs:
  - output:
<<<<<<< HEAD
      - initial_input_ast: 6f295e5174fac69711936eeb0c91a95a3852c758f5728f84b81cf342079ebbfc
      - initial_input_ast: 852fdc05a4bee7196e9663eefb93705dad299362a9402103cd7f90784785ca79
    initial_ast: 788514e595d2109d9e6c1723896e997648dd911fc4ae0bb30a9f686f1799bdc8
=======
      - initial_input_ast: 114a06e1bb4a0c3728adc7668365d8deea159ccffc14b1977ba2bba2b05f3987
      - initial_input_ast: c8fc11e4265deb71385cf129d8cac917eecdc35c993f569bc339e49fc26e0dab
    initial_ast: 788514e595d2109d9e6c1723896e997648dd911fc4ae0bb30a9f686f1799bdc8
    symbol_table: e8ceacdf3ebc465210fec71b100a0019df8ca4851a3d5efd1185254000d06916
>>>>>>> 5b572278fb1edc94f17807222fe3b710e3ae9962
