---
namespace: Compile
expectation: Pass
outputs:
  - circuit:
      num_public_variables: 0
      num_private_variables: 1
      num_constraints: 1
      at: 042610d0fd1fe6d6ac112138f8755752f44c7d2a00f1b5960574d6da5cda393f
      bt: e97756698880ab7555a959a5fb5c6b4e15bd64612aa677adbfe2d0bd91f0a83c
      ct: cf1cbb66a638b4860a516671fb74850e6ccf787fe6c4c8d29e9c04efe880bd05
    output:
      - input_file: "../input/dummy.in"
        output:
          registers:
            r0:
              type: bool
              value: "true"
    initial_ast: c0f6616cbef7676909cabcc405f75fefd1807abdacbe00d81069f7ba074372d5
    imports_resolved_ast: fd2e9e815cff52446295f7145f2b1657da02cf2fba53cdb6aa11eb20077854f7
    canonicalized_ast: fd2e9e815cff52446295f7145f2b1657da02cf2fba53cdb6aa11eb20077854f7
    type_inferenced_ast: e07b3520fbef3d996b2e97899aca69a25dfbdba5b89e5f095a201d0eff30b100
