---
namespace: Compile
expectation: Pass
outputs:
  - output:
      - initial_input_ast: 142f86218cc646677bedd5bdf510ff537782d7e60967de7ebe9fb1fb50d7026d
    initial_ast: 3b5a5ae14351fb118df162e7106c81ddbd80aeaffa43135e189727c274590f71
