---
namespace: Compile
expectation: Pass
outputs:
  - circuit:
      num_public_variables: 0
      num_private_variables: 1
      num_constraints: 1
      at: 042610d0fd1fe6d6ac112138f8755752f44c7d2a00f1b5960574d6da5cda393f
      bt: e97756698880ab7555a959a5fb5c6b4e15bd64612aa677adbfe2d0bd91f0a83c
      ct: cf1cbb66a638b4860a516671fb74850e6ccf787fe6c4c8d29e9c04efe880bd05
    output:
      - input_file: "../input/dummy.in"
        output:
          registers:
            r0:
              type: bool
              value: "true"
    initial_ast: ff4a8d9a961ad3cb815e5c7fd71f32c2071b802fcec05e4768fced1f66c52d35
    imports_resolved_ast: 28c60f5f6d196fcb876a98c4a0fba12d1e4e53cf25c6ec52b9d1ef46761749f2
    canonicalized_ast: 28c60f5f6d196fcb876a98c4a0fba12d1e4e53cf25c6ec52b9d1ef46761749f2
    type_inferenced_ast: 13f53a21e88b4290381c4432006dbc067836caaad1c48c32629b999cb4e3ba9e
