---
namespace: Compile
expectation: Pass
outputs:
  - output:
      - initial_input_ast: a4cd0750e35f81754a218922dd8a55d208009d236296668eaafa6aa8d60fdcb4
        flattened_ast: afcc42569de04d0b1672a244a675e13b9ad998991488da9fa986860fb0468dc1
    initial_ast: afcc42569de04d0b1672a244a675e13b9ad998991488da9fa986860fb0468dc1
