---
namespace: Compile
expectation: Pass
outputs:
  - output:
      - initial_input_ast: d2117e2d504b1c95edd7f81c2fb111787aba0b797e0f076fbb473971dc0d3639
    initial_ast: 656d8d0ee36bd258a452ad524cf0761e432dc5e39ff990dd8c1aff5246cfd81a
    symbol_table: d5d7187bc4868636bebb87a40e06a058925bef5401c8f45b7f104c7b6b19f939
