---
namespace: Compile
expectation: Pass
outputs:
  - circuit:
      num_public_variables: 0
      num_private_variables: 57
      num_constraints: 57
      at: b93e8bf8fef6bb33a2552fc46f20f842010f187164d846f84b2a8618628c59a9
      bt: 2edb58dffc1fb55bd54dd589b8fb4cf15292f14cc2e9d478bb372b57c958ead9
      ct: 5a4c4f077603c1f7c4b31cf17fee281ab3cb7d2a9571be40a2f3a88577759477
    output:
      - input_file: i8_l.in
        output:
          registers:
            r0:
              type: bool
              value: "true"
      - input_file: i8_e.in
        output:
          registers:
            r0:
              type: bool
              value: "true"
    initial_ast: df68f7c978cd30eff24891875fe147f6e24ce56b328d7207814ddeb5ada6bf13
    imports_resolved_ast: 86228f42194074809ce3dbb0b32c8f5db7b32a59a3efffa755f9b30e784b026a
    canonicalized_ast: 86228f42194074809ce3dbb0b32c8f5db7b32a59a3efffa755f9b30e784b026a
    type_inferenced_ast: 2a5c0f7fc12f4b6403947d595071f848a96907c1104207665dc8a3ed12b66c3f
