---
namespace: Compile
expectation: Pass
outputs:
  - circuit:
      num_public_variables: 0
      num_private_variables: 1
      num_constraints: 1
      at: 042610d0fd1fe6d6ac112138f8755752f44c7d2a00f1b5960574d6da5cda393f
      bt: e97756698880ab7555a959a5fb5c6b4e15bd64612aa677adbfe2d0bd91f0a83c
      ct: cf1cbb66a638b4860a516671fb74850e6ccf787fe6c4c8d29e9c04efe880bd05
    output:
      - input_file: "../input/dummy.in"
        output:
          registers:
            r0:
              type: bool
              value: "true"
    initial_ast: 42725429d83957372ca63c97764550141db3f8851616a33460e68ad212df74ce
    imports_resolved_ast: 194a7f23ad267fd00cdd5f430f0452497186cd38edc393e9ad6d65403fbce043
    canonicalized_ast: 194a7f23ad267fd00cdd5f430f0452497186cd38edc393e9ad6d65403fbce043
    type_inferenced_ast: 108460bf99474670a3426bcb45b91067fbb765384fdd6fe7e5303fed734b6057
