---
namespace: Compile
expectation: Pass
outputs:
  - circuit:
      num_public_variables: 0
      num_private_variables: 223
      num_constraints: 223
      at: 87fe022f8971e90450cc219824d04ea84f08040429143393193aa2de0321759f
      bt: 65e18f4e1e32d72f87d238401f8397b5d8ba20e7da7d50cc5930faa5673cdb77
      ct: 389354117abccc4ef9f4822705889f64f1d16b7e0d2adae52005c7b91b0ccabb
    output:
      - input_file: input/main_multi_dimension_array.in
        output:
          registers:
            r0:
              type: bool
              value: "true"
    initial_ast: 473f66e852f694cee2d87935eee5fe7306ee404b935515ad400a06872b124e5b
    imports_resolved_ast: 1ac27c0136c82b45125cbc3163e7925d1692f331a383727403de8b178ef75d32
    canonicalized_ast: d1dcb87af863b3e8da2a7fdf55ea77d00782e336b78a4e8235244682585fb46b
    type_inferenced_ast: 048829d3b097cc2876a4936c2d85ca39533c3bc716ffc29b6c024b5b1087dfe8
