---
namespace: Compile
expectation: Pass
outputs:
  - output:
      - initial_input_ast: a7361387d9919bb2857c23ee47cc37c63f0c7cbbb7e7c92b700e2c33403fb4eb
    initial_ast: 7198afa4563739d4a07c736554459c1b59cf66c96292c67b7853b2dbc4625efe
