---
namespace: Compile
expectation: Pass
outputs:
  - output:
      - initial_input_ast: 24ab39bf0500a015a0573619c40908da20bfbd3bfd4546bb65b6332033c44ac5
    initial_ast: 62a5279df67243f6751bc13e1e11a5addb4a68a1e3e633f02ea935f6466a47a8
    symbol_table: 3342cc5fa728477225d5c52b0c8279b13aac977506fbfddb8bb16536f0114751
