---
namespace: Compile
expectation: Pass
outputs:
  - output:
<<<<<<< HEAD
      - initial_input_ast: a4c9827f0bcdf3d7bd41a796471a19e3ce02f0e5b53d7ca5f20a9ae62cd2f5b9
    initial_ast: 00d3b5ba4f7f6cea9c0e7c03c7a3477149cdaf3b1798c76e670227934bdb2e22
=======
      - initial_input_ast: c7cfa681865a1c0623cfd356162d0c6750f3e06fb72126585eace0aeb21bae77
    initial_ast: 66f22de7eecceaa3d690669b00032a51fbf87c28549fb5d8b04fd1d29e13ad9e
    symbol_table: f4928deaa7f57c4f89bb8a9bfcd445dd5ea2334b24bf597394cd02f7596ee859
>>>>>>> 5b572278fb1edc94f17807222fe3b710e3ae9962
