---
namespace: Compile
expectation: Pass
outputs:
  - output:
      - initial_input_ast: 2c6f07fb52fcadfd42be53ab06838ce4ddc609995c7f4cbc3799f6daf92cc32b
        flattened_ast: ba14735dd716f39bfa6601614cce855d49af564279fe2e9c1a4d0191d2f4f3ca
      - initial_input_ast: a090b0a76971eb5a83b3460b0e9ad051e293b1adc169b8a59eece9a7bcda4e56
<<<<<<< HEAD
        flattened_ast: ba14735dd716f39bfa6601614cce855d49af564279fe2e9c1a4d0191d2f4f3ca
    initial_ast: ba14735dd716f39bfa6601614cce855d49af564279fe2e9c1a4d0191d2f4f3ca
=======
    initial_ast: 824860fcd0efb5e8f59935166bd2c810068f6bffa23e5e0c02d6d95b6d88ec21
    symbol_table: cdf8b67bc50de4d083d5697da3f6c2dfd8375e4ad94ad722d391bef9a7bfd433
>>>>>>> 9e2641b321e6a793a09825bd982623c7453c9395
