---
namespace: Compile
expectation: Pass
outputs:
  - output:
<<<<<<< HEAD
      - initial_input_ast: 69f06f7116462b4b915b755e061dfce5c915cc293b1803aa24f0d03da4530d69
      - initial_input_ast: c66592e29af79a75b1d31de6850241f4fc48569851cc3f098c6bada773b453fd
      - initial_input_ast: 12fe127b3e9a411a348321ce035c7579f03fe0f534387d53746e666993fb9fe5
      - initial_input_ast: bd807b9592fad15956c4dbea673a645b81173b14be91e32e698aad484a75bbf4
    initial_ast: e17f5c2d253ffc1e8e3389253f89feca418b429eb912840a21172d63d117c7ec
=======
      - initial_input_ast: da1d028d28792f9625d528ebee6f3abd09b21a7bfa6bb3be5d8c3ad01d974558
      - initial_input_ast: 5f19f0086b0509628dc64db0f69000d599bc761cb8e3125144de44367081126a
      - initial_input_ast: 4c5eeffd0306b20c8deece509782b81ea8583245f650e40a4a300d517f6ed5f4
      - initial_input_ast: a56b3f9908dec2acaed302691d4fe0c2cf046f0deb8f188f617e042e75502f71
    initial_ast: e17f5c2d253ffc1e8e3389253f89feca418b429eb912840a21172d63d117c7ec
    symbol_table: 85ba598c10628c776b426b4ff60a5c7ea7d1d58211763c0b088f87965529c12f
>>>>>>> 5b572278fb1edc94f17807222fe3b710e3ae9962
