---
namespace: Compile
expectation: Pass
outputs:
  - output:
      - initial_input_ast: 81181972b85907185c29242e3deeec4f677c97e6cf323998de66719d06365fd6
    initial_ast: f9d6d5d94f9aead249bf86205884b49eff222937842973864758c01757d3eafa
