---
namespace: Parse
expectation: Pass
outputs:
  - name: ""
    expected_input: []
    import_statements:
      - package_or_packages:
          Package:
            name: "{\"name\":\"hello_world\",\"span\":\"{\\\"line_start\\\":3,\\\"line_stop\\\":3,\\\"col_start\\\":8,\\\"col_stop\\\":19,\\\"path\\\":\\\"\\\",\\\"content\\\":\\\"import hello_world.foo;\\\\r\\\"}\"}"
            access:
              Symbol:
                symbol: "{\"name\":\"foo\",\"span\":\"{\\\"line_start\\\":3,\\\"line_stop\\\":3,\\\"col_start\\\":20,\\\"col_stop\\\":23,\\\"path\\\":\\\"\\\",\\\"content\\\":\\\"import hello_world.foo;\\\\r\\\"}\"}"
                alias: ~
                span:
                  line_start: 3
                  line_stop: 3
                  col_start: 20
                  col_stop: 23
                  path: ""
                  content: "import hello_world.foo;\r"
            span:
              line_start: 3
              line_stop: 3
              col_start: 8
              col_stop: 23
              path: ""
              content: "import hello_world.foo;\r"
        span:
          line_start: 3
          line_stop: 3
          col_start: 8
          col_stop: 23
          path: ""
          content: "import hello_world.foo;\r"
    imports: {}
    aliases: {}
    circuits: {}
    global_consts: {}
    functions: {}
