---
namespace: Compile
expectation: Pass
outputs:
  - circuit:
      num_public_variables: 0
      num_private_variables: 225
      num_constraints: 225
      at: fba74e6ed7ae0c0cf0bd2c874940e7e9daf6c7c4e08cf9359b31279433ec0ef5
      bt: 3f23038cdf71876dea48b44b9cae993b3f649b628bcdaf6f1cb77bbafa92b600
      ct: d7067f500143a40e015fd1f4447a4ea5b9ee6ebdf007e08be51772a8a2b672c3
    output:
      - input_file: i32_e.in
        output:
          registers:
            r0:
              type: bool
              value: "true"
      - input_file: i32_g.in
        output:
          registers:
            r0:
              type: bool
              value: "true"
    initial_ast: 6401f6c0567fe73628faf73dc3cd71635bbba9b997c918d182f6fdf2dda68b82
    imports_resolved_ast: 73f9a868e136820b84253b203e326a8079d8a79ebabd5f7afd14d22fd5a56dac
    canonicalized_ast: 73f9a868e136820b84253b203e326a8079d8a79ebabd5f7afd14d22fd5a56dac
    type_inferenced_ast: abe4f1b90365c0ca0cfc24a1b377fc6b514dbed524f55cb8b712093e1e71e32f
