---
namespace: Compile
expectation: Pass
outputs:
  - circuit:
      num_public_variables: 0
      num_private_variables: 1
      num_constraints: 1
      at: 042610d0fd1fe6d6ac112138f8755752f44c7d2a00f1b5960574d6da5cda393f
      bt: e97756698880ab7555a959a5fb5c6b4e15bd64612aa677adbfe2d0bd91f0a83c
      ct: cf1cbb66a638b4860a516671fb74850e6ccf787fe6c4c8d29e9c04efe880bd05
    output:
      - input_file: input/dummy.in
        output:
          registers:
            r0:
              type: bool
              value: "true"
    initial_ast: af681f8f7631db769ad1f0b9822b86407fb04871adb16e1069b83ee85b6cda3e
    imports_resolved_ast: 2fefb062db2ea2ec96f68cfab909a003ac788ea2151d2c632988206d6b9c863e
    canonicalized_ast: 2fefb062db2ea2ec96f68cfab909a003ac788ea2151d2c632988206d6b9c863e
    type_inferenced_ast: 016f9e2d03254c8939769bf372e195f255909cc61739e80b2c106debecfd3a27
