---
namespace: Compile
expectation: Pass
outputs:
  - - initial_symbol_table: b818f3f5449fc62add96728e1a051a68c21097a09f484600d4e82b5d502c5d06
      type_checked_symbol_table: 41c0247334d4ede070ae3278a2ef3cfde78fbf29cf768b8f60f3f5deadefd75b
      unrolled_symbol_table: 41c0247334d4ede070ae3278a2ef3cfde78fbf29cf768b8f60f3f5deadefd75b
      initial_ast: 008463f5deff1742786124c320a217a9d9408c88985627a62c95d3cd40ce279c
      unrolled_ast: 008463f5deff1742786124c320a217a9d9408c88985627a62c95d3cd40ce279c
      ssa_ast: bd284a6369a0aaddb144904b726733e0d0cd75318050977a31492a5eac531ca0
      flattened_ast: f8da05e7a443a7900fcc4a9122e0453773cfcd7851348bb13839532a361601cd
      destructured_ast: 6a59b1d75ecda0ab682ceb6f25db311c6b1d14cd45bf6c0714437ee3c9228c9f
      inlined_ast: 6a59b1d75ecda0ab682ceb6f25db311c6b1d14cd45bf6c0714437ee3c9228c9f
      dce_ast: 6a59b1d75ecda0ab682ceb6f25db311c6b1d14cd45bf6c0714437ee3c9228c9f
      bytecode: bbef5ec539b8616fe91e41c03c8ea6a71dfd3cb9731e634919bc8356e6664594
      warnings: ""
