---
namespace: Compile
expectation: Fail
outputs:
  - "Error [ETYC0372005]: Unknown function `increment`\n    --> compiler-test:18:9\n     |\n  18 |         increment(tokens, addr, amount);\n     |         ^^^^^^^^^\nError [ETYC0372005]: Unknown function `increment`\n    --> compiler-test:19:9\n     |\n  19 |         increment(amounts, 1u8, amount);\n     |         ^^^^^^^^^\nError [ETYC0372005]: Unknown function `increment`\n    --> compiler-test:20:9\n     |\n  20 |         increment(amounts, addr, 1u8);\n     |         ^^^^^^^^^\nError [ETYC0372005]: Unknown function `increment`\n    --> compiler-test:21:9\n     |\n  21 |         increment(amounts, addr, Token { owner: addr, gates: 1u64, amount: amount });\n     |         ^^^^^^^^^\nError [ETYC0372005]: Unknown function `increment`\n    --> compiler-test:22:9\n     |\n  22 |         increment(foo, addr, amount);\n     |         ^^^^^^^^^\n"
