---
namespace: Compile
expectation: Pass
outputs:
  - circuit:
      num_public_variables: 0
      num_private_variables: 1277
      num_constraints: 1604
      at: c5d2d5bbb85d0f7ba48170fdb652aff057db6d1babf378d8a548af874e0734ff
      bt: 726f3c39d11da5bc8487b8b7228a55cb7819a47a9b674d41f9c756c6927fb55a
      ct: 7c4917152b59cb9caa30bad7d5119a3e36c40f7a783fdb8ff602dd5447573cc7
    output:
      - input_file: input/index1.in
        output:
          registers:
            r0:
              type: "[u32; 3]"
              value: "\"303\""
      - input_file: input/index2.in
        output:
          registers:
            r0:
              type: "[u32; 3]"
              value: "\"150\""
    initial_ast: b56c67d410c98a75c5f742d382e223355d214484d198ccaefe65296421c6854b
    imports_resolved_ast: 7c717e59cfad63ac115eefe966fb30fe1ccca975f4fe750bd30c5c5269a0bda3
    canonicalized_ast: 8da38536d104b2ee21b417f648d1806bfad8ceea07a402ec8941d5aaf2263c69
    type_inferenced_ast: 61a9bff6910e2a508bcd2abacce2635b4074cf8d4866aa4b126e268a699c500a
