---
namespace: Compile
expectation: Pass
outputs:
  - circuit:
      num_public_variables: 0
      num_private_variables: 1
      num_constraints: 1
      at: 042610d0fd1fe6d6ac112138f8755752f44c7d2a00f1b5960574d6da5cda393f
      bt: e97756698880ab7555a959a5fb5c6b4e15bd64612aa677adbfe2d0bd91f0a83c
      ct: cf1cbb66a638b4860a516671fb74850e6ccf787fe6c4c8d29e9c04efe880bd05
    output:
      - input_file: input/dummy.in
        output:
          registers:
            r0:
              type: bool
              value: "true"
    initial_ast: 3ba284ff6893de7ffb6f90092f7c39cefd51c61022e827842fc7d4be7ed72dcd
    imports_resolved_ast: 14a7cef24a2e364705a53949f6b289a21fe080df6c5f4929526d66416d890ba0
    canonicalized_ast: 14a7cef24a2e364705a53949f6b289a21fe080df6c5f4929526d66416d890ba0
    type_inferenced_ast: 75e7aeda9fc0e14e5ad3ab24f5dd5a97016ef7df630e9a94950f45653a336fda
