---
namespace: Compile
expectation: Pass
outputs:
  - output:
      - initial_input_ast: 51080d5bb3a470434fd2a0da0751daf4355fc51733c6281405ca451d493a39ba
        flattened_ast: 27821e566e901caa22cb32588d316b43f46f913866dd9057bbae696cb40e201e
    initial_ast: 188afea84973fc9ddafb2f8e478c82801c1312a12672cb68a14a5101bd6391c1
