---
namespace: Compile
expectation: Pass
outputs:
  - output:
      - initial_input_ast: 4c4e2c86f5ccc3dbcb0fe631c0f9da57c5ee94fd6940abf5ede3fecd8d413241
    initial_ast: e03e381be4b91baad7297381a8d64e1a839a357fe28a6683d18a1bb261f47f7a
