---
namespace: Compile
expectation: Pass
outputs:
  - circuit:
      num_public_variables: 0
      num_private_variables: 4
      num_constraints: 4
      at: a2663d5e46da080a767684035cccbeeefe30da6ef35829b8dd153bb075b3dae6
      bt: 3d5332ab3122ad84063428cb60f2a6560e0574f93c9f2b75f501154efd52f768
      ct: 2a08bf81c2c5c2285868d01f22cdbb09f412e18a9f3bce3c0e0ed451efdd46ea
    output:
      - input_file: inputs/dummy.in
        output:
          registers:
            r0:
              type: bool
              value: "false"
    initial_ast: 0347cf673e8122535e991c495bf428ce3164c4adbd108fe7da994632c4647e44
    ir: 07a3f2f79f70599298e83806d269015692560fb4837579a70f92531d78f89f13
    imports_resolved_ast: 19bcc88e6d0d3e8ca514f0e4ee04867d791a97860a421dc9dbca3c3561425e44
    canonicalized_ast: 19bcc88e6d0d3e8ca514f0e4ee04867d791a97860a421dc9dbca3c3561425e44
    type_inferenced_ast: e731fa0f44a7b90beef259b0b790abe5176fefa8d80b8c6061fe54c44faa17b4
