---
namespace: Compile
expectation: Pass
outputs:
  - circuit:
      num_public_variables: 0
      num_private_variables: 162
      num_constraints: 165
      at: 5b2ee97bca1c978a9cb40345a5358b6da05b06c94ef08ade726f32a8d0840c4e
      bt: 9dc810c17c3ede695558cbade305db754bfc9de90c983ab114557f2cc9bb3631
      ct: 16ed7b0c9d703be9a60d4b2e0da9a52403de8b03c35a545db7c05b698eddcdfd
    output:
      - input_file: inputs/u32_3.in
        output:
          registers:
            a:
              type: bool
              value: "true"
    initial_ast: 416faf733ca084378ca66e5900ab7ffdbb057312e358d6652d6260eff3670fc6
    imports_resolved_ast: be25d44bdd75b2b0c8536d28be723e1e7aa8347aec71e065021b35c97d9bf156
    canonicalized_ast: 6900c1acd174c83e49adebff815b0f9608379690f351f32df83c755e83f0b7bb
    type_inferenced_ast: 0cdf2a19040d022bdc0263dff24b42e492a1b656ab0d7fd23d35ad0a28b283c6
