---
namespace: Compile
expectation: Pass
outputs:
  - - initial_symbol_table: f42679f84a0502913466b98ad0802570b196a03efb92762dbf14ddef9343e2bb
      type_checked_symbol_table: badc647bf125be858219463ee7be65a54c641b1a351a7f0b17012263cce0ad5a
      unrolled_symbol_table: badc647bf125be858219463ee7be65a54c641b1a351a7f0b17012263cce0ad5a
      initial_ast: ab0cb67645b250671bca5968fe522eb4f201775566e3e956309218a1a01eb834
      unrolled_ast: ab0cb67645b250671bca5968fe522eb4f201775566e3e956309218a1a01eb834
      ssa_ast: 14090a26662d8d42617527ff1238059aa94b59be807654ed2dff6e13aafbaf8f
      flattened_ast: c4accf43e723fb000dde0371f5b34304c198b9addc8a0103b439f94b608d06f9
      destructured_ast: 9acfc458ebbf656f83d26e3524c6e19ed8da1030ddd1d318a6618cc95363d19b
      inlined_ast: 9acfc458ebbf656f83d26e3524c6e19ed8da1030ddd1d318a6618cc95363d19b
      dce_ast: 9c28ee3447754e6ee8fce7b5642efbc4cdcdea97d6bbf8ba05ac9f63df74955c
      bytecode: 9a042a6076c83bb376f10443261e56704956030b03df62da5d5f4742ac10c74d
      warnings: ""
